// Jest Snapshot v1, https://goo.gl/fbAQLP

exports[`Store ReduxProvider Should render properly 1`] = `
Array [
  "1",
  " ",
  "{}",
]
`;
